QW product kernel   mean test over 19: 0.775   mean cv 0.809
 k       cv     test             spec   C
 2 0.966667 0.933333 ('walk', 0.2, 3) 100
 3 0.900000 0.966667 ('walk', 0.4, 4)   3
 4 0.900000 0.883333 ('walk', 0.4, 3)  30
 5 0.854167 0.816667 ('walk', 0.2, 3)  10
 6 0.862500 0.816667 ('walk', 0.4, 3) 100
 7 0.816667 0.816667 ('walk', 0.4, 4) 300
 8 0.841667 0.866667 ('walk', 0.8, 5)  10
 9 0.787500 0.800000 ('walk', 0.8, 5)   3
10 0.816667 0.733333 ('walk', 0.8, 5)  10
11 0.795833 0.833333 ('walk', 0.4, 4) 100
12 0.754167 0.733333 ('walk', 0.2, 3) 100
13 0.758333 0.700000 ('walk', 0.4, 3)   3
14 0.770833 0.666667 ('walk', 0.8, 3)   1
15 0.737500 0.733333 ('walk', 0.2, 3)  10
16 0.841667 0.800000 ('walk', 0.2, 3)   3
17 0.745833 0.566667 ('walk', 1.2, 5)   3
18 0.766667 0.683333 ('walk', 0.8, 4)   1
19 0.733333 0.716667 ('walk', 0.2, 4) 300
20 0.729167 0.666667 ('walk', 0.8, 4)   1
