QW product kernel   mean test over 19: 0.795   mean cv 0.808
 k       cv     test             spec   C
 2 0.966667 0.933333 ('walk', 0.2, 8) 100
 3 0.900000 0.966667 ('walk', 0.4, 8)   3
 4 0.900000 0.866667 ('walk', 0.4, 8)  30
 5 0.854167 0.816667 ('walk', 0.2, 8)  10
 6 0.862500 0.816667 ('walk', 0.4, 8) 100
 7 0.812500 0.850000 ('walk', 0.4, 8) 300
 8 0.841667 0.866667 ('walk', 0.8, 8)  10
 9 0.787500 0.800000 ('walk', 0.8, 8)   3
10 0.816667 0.733333 ('walk', 0.8, 8)  10
11 0.795833 0.850000 ('walk', 0.4, 8) 100
12 0.754167 0.733333 ('walk', 0.2, 8) 100
13 0.758333 0.700000 ('walk', 0.4, 8)   3
14 0.770833 0.766667 ('walk', 0.2, 8) 300
15 0.737500 0.733333 ('walk', 0.2, 8)  10
16 0.841667 0.800000 ('walk', 0.2, 8)   3
17 0.733333 0.766667 ('walk', 0.2, 8) 300
18 0.766667 0.683333 ('walk', 0.8, 8)   1
19 0.729167 0.716667 ('walk', 0.2, 8) 300
20 0.725000 0.700000 ('walk', 0.8, 8)   1
RBF, same grid (control)   mean test over 19: 0.788   mean cv 0.809
 k       cv     test          spec   C
 2 0.945833 0.933333 ('rbf', 0.03) 300
 3 0.904167 0.966667  ('rbf', 0.3)   3
 4 0.908333 0.883333  ('rbf', 0.3)  30
 5 0.850000 0.833333  ('rbf', 0.1)  30
 6 0.866667 0.816667  ('rbf', 0.3) 100
 7 0.820833 0.850000  ('rbf', 0.3) 100
 8 0.845833 0.850000    ('rbf', 1)  10
 9 0.795833 0.800000    ('rbf', 1)  10
10 0.816667 0.783333    ('rbf', 1)   3
11 0.791667 0.833333  ('rbf', 0.3) 100
12 0.766667 0.700000    ('rbf', 1)   1
13 0.758333 0.700000  ('rbf', 0.3)   3
14 0.775000 0.766667  ('rbf', 0.1) 100
15 0.729167 0.683333    ('rbf', 1)   1
16 0.837500 0.766667 ('rbf', 0.03) 300
17 0.745833 0.766667  ('rbf', 0.1) 100
18 0.762500 0.683333    ('rbf', 1)   3
19 0.729167 0.716667  ('rbf', 0.1) 100
20 0.725000 0.633333  ('rbf', 0.1) 300
