n= 8 draw=0 DT m=9 K=1: exact=0.288 calls/input=18 QNN=0.670 LAT=0.680 (1s)
n= 8 draw=0 DT m=9 K=2: exact=0.544 calls/input=30.9 QNN=0.780 LAT=0.840 (1s)
n= 8 draw=0 DT m=9 K=4: exact=0.780 calls/input=45 QNN=0.920 LAT=0.930 (1s)
n= 8 draw=0 DT m=9 K=8: exact=0.984 calls/input=53.1 QNN=0.960 LAT=0.960 (1s)
n= 8 draw=0 DT m=9 K=16: exact=1.000 calls/input=54.4 QNN=0.970 LAT=0.970 (1s)
n= 8 draw=0 DT m=9 K=inf: exact=1.000 calls/input=54.4 QNN=0.970 LAT=0.970 (1s)
n= 8 draw=0 CT m=7 K=1: exact=0.144 calls/input=349 QNN=0.550 LAT=0.540 (1s)
n= 8 draw=0 CT m=7 K=2: exact=0.288 calls/input=648 QNN=0.640 LAT=0.620 (1s)
n= 8 draw=0 CT m=7 K=4: exact=0.500 calls/input=1.1e+03 QNN=0.690 LAT=0.730 (1s)
n= 8 draw=0 CT m=7 K=8: exact=0.796 calls/input=1.62e+03 QNN=0.900 LAT=0.900 (1s)
n= 8 draw=0 CT m=7 K=16: exact=0.960 calls/input=1.96e+03 QNN=0.970 LAT=0.960 (1s)
n= 8 draw=0 CT m=7 K=inf: exact=1.000 calls/input=2.05e+03 QNN=0.970 LAT=0.970 (1s)
n= 8 draw=1 DT m=9 K=1: exact=0.308 calls/input=18 QNN=0.590 LAT=0.600 (1s)
n= 8 draw=1 DT m=9 K=2: exact=0.556 calls/input=30.5 QNN=0.770 LAT=0.780 (1s)
n= 8 draw=1 DT m=9 K=4: exact=0.832 calls/input=43.1 QNN=0.900 LAT=0.910 (1s)
n= 8 draw=1 DT m=9 K=8: exact=0.968 calls/input=50 QNN=0.950 LAT=0.970 (1s)
n= 8 draw=1 DT m=9 K=16: exact=1.000 calls/input=51.6 QNN=1.000 LAT=0.980 (1s)
n= 8 draw=1 DT m=9 K=inf: exact=1.000 calls/input=51.6 QNN=1.000 LAT=0.980 (1s)
n= 8 draw=1 CT m=7 K=1: exact=0.136 calls/input=349 QNN=0.520 LAT=0.610 (1s)
n= 8 draw=1 CT m=7 K=2: exact=0.304 calls/input=651 QNN=0.640 LAT=0.650 (1s)
n= 8 draw=1 CT m=7 K=4: exact=0.552 calls/input=1.09e+03 QNN=0.810 LAT=0.820 (1s)
n= 8 draw=1 CT m=7 K=8: exact=0.792 calls/input=1.56e+03 QNN=0.870 LAT=0.900 (1s)
n= 8 draw=1 CT m=7 K=16: exact=0.968 calls/input=1.84e+03 QNN=0.970 LAT=0.980 (1s)
n= 8 draw=1 CT m=7 K=inf: exact=1.000 calls/input=1.88e+03 QNN=1.000 LAT=0.980 (1s)
n= 8 draw=2 DT m=9 K=1: exact=0.372 calls/input=18 QNN=0.680 LAT=0.650 (1s)
n= 8 draw=2 DT m=9 K=2: exact=0.552 calls/input=29.3 QNN=0.800 LAT=0.760 (1s)
n= 8 draw=2 DT m=9 K=4: exact=0.788 calls/input=42.6 QNN=0.930 LAT=0.910 (1s)
n= 8 draw=2 DT m=9 K=8: exact=0.964 calls/input=51.7 QNN=0.990 LAT=0.990 (1s)
n= 8 draw=2 DT m=9 K=16: exact=0.996 calls/input=54.2 QNN=1.000 LAT=0.980 (1s)
n= 8 draw=2 DT m=9 K=inf: exact=1.000 calls/input=54.3 QNN=1.000 LAT=0.980 (1s)
n= 8 draw=2 CT m=7 K=1: exact=0.164 calls/input=349 QNN=0.590 LAT=0.500 (1s)
n= 8 draw=2 CT m=7 K=2: exact=0.300 calls/input=645 QNN=0.600 LAT=0.590 (1s)
n= 8 draw=2 CT m=7 K=4: exact=0.512 calls/input=1.1e+03 QNN=0.750 LAT=0.730 (1s)
n= 8 draw=2 CT m=7 K=8: exact=0.792 calls/input=1.63e+03 QNN=0.870 LAT=0.840 (1s)
n= 8 draw=2 CT m=7 K=16: exact=0.932 calls/input=2e+03 QNN=0.950 LAT=0.930 (1s)
n= 8 draw=2 CT m=7 K=inf: exact=1.000 calls/input=2.09e+03 QNN=1.000 LAT=0.980 (1s)
n= 8 draw=3 DT m=9 K=1: exact=0.308 calls/input=18 QNN=0.520 LAT=0.590 (1s)
n= 8 draw=3 DT m=9 K=2: exact=0.536 calls/input=30.5 QNN=0.730 LAT=0.740 (1s)
n= 8 draw=3 DT m=9 K=4: exact=0.792 calls/input=44.5 QNN=0.870 LAT=0.870 (1s)
n= 8 draw=3 DT m=9 K=8: exact=0.956 calls/input=53.4 QNN=0.970 LAT=0.970 (1s)
n= 8 draw=3 DT m=9 K=16: exact=0.996 calls/input=55.5 QNN=0.990 LAT=0.990 (1s)
n= 8 draw=3 DT m=9 K=inf: exact=1.000 calls/input=55.9 QNN=1.000 LAT=0.990 (1s)
n= 8 draw=3 CT m=7 K=1: exact=0.184 calls/input=349 QNN=0.490 LAT=0.590 (1s)
n= 8 draw=3 CT m=7 K=2: exact=0.344 calls/input=638 QNN=0.650 LAT=0.710 (1s)
n= 8 draw=3 CT m=7 K=4: exact=0.552 calls/input=1.06e+03 QNN=0.800 LAT=0.800 (1s)
n= 8 draw=3 CT m=7 K=8: exact=0.800 calls/input=1.52e+03 QNN=0.900 LAT=0.900 (1s)
n= 8 draw=3 CT m=7 K=16: exact=0.952 calls/input=1.88e+03 QNN=0.970 LAT=0.970 (1s)
n= 8 draw=3 CT m=7 K=inf: exact=1.000 calls/input=1.99e+03 QNN=1.000 LAT=0.990 (1s)
n= 8 draw=4 DT m=9 K=1: exact=0.352 calls/input=18 QNN=0.660 LAT=0.650 (1s)
n= 8 draw=4 DT m=9 K=2: exact=0.600 calls/input=29.7 QNN=0.810 LAT=0.830 (1s)
n= 8 draw=4 DT m=9 K=4: exact=0.820 calls/input=41.8 QNN=0.910 LAT=0.910 (1s)
n= 8 draw=4 DT m=9 K=8: exact=0.964 calls/input=49 QNN=1.000 LAT=1.000 (1s)
n= 8 draw=4 DT m=9 K=16: exact=1.000 calls/input=50.8 QNN=1.000 LAT=1.000 (1s)
n= 8 draw=4 DT m=9 K=inf: exact=1.000 calls/input=50.8 QNN=1.000 LAT=1.000 (1s)
n= 8 draw=4 CT m=7 K=1: exact=0.168 calls/input=349 QNN=0.580 LAT=0.470 (1s)
n= 8 draw=4 CT m=7 K=2: exact=0.288 calls/input=641 QNN=0.500 LAT=0.510 (1s)
n= 8 draw=4 CT m=7 K=4: exact=0.504 calls/input=1.09e+03 QNN=0.720 LAT=0.750 (1s)
n= 8 draw=4 CT m=7 K=8: exact=0.776 calls/input=1.63e+03 QNN=0.900 LAT=0.900 (1s)
n= 8 draw=4 CT m=7 K=16: exact=0.948 calls/input=2.02e+03 QNN=0.970 LAT=0.970 (1s)
n= 8 draw=4 CT m=7 K=inf: exact=1.000 calls/input=2.14e+03 QNN=1.000 LAT=1.000 (1s)
n=10 draw=0 DT m=12 K=1: exact=0.224 calls/input=24 QNN=0.520 LAT=0.480 (1s)
n=10 draw=0 DT m=12 K=2: exact=0.364 calls/input=42.7 QNN=0.580 LAT=0.710 (1s)
n=10 draw=0 DT m=12 K=4: exact=0.656 calls/input=69.5 QNN=0.820 LAT=0.790 (1s)
n=10 draw=0 DT m=12 K=8: exact=0.864 calls/input=93.3 QNN=0.900 LAT=0.900 (1s)
n=10 draw=0 DT m=12 K=16: exact=0.988 calls/input=107 QNN=0.990 LAT=0.990 (1s)
n=10 draw=0 DT m=12 K=inf: exact=1.000 calls/input=109 QNN=1.000 LAT=1.000 (1s)
n=10 draw=0 CT m=9 K=1: exact=0.124 calls/input=1.4e+03 QNN=0.580 LAT=0.590 (1s)
n=10 draw=0 CT m=9 K=2: exact=0.192 calls/input=2.64e+03 QNN=0.620 LAT=0.620 (1s)
n=10 draw=0 CT m=9 K=4: exact=0.368 calls/input=4.75e+03 QNN=0.690 LAT=0.650 (1s)
n=10 draw=0 CT m=9 K=8: exact=0.588 calls/input=7.75e+03 QNN=0.790 LAT=0.770 (1s)
n=10 draw=0 CT m=9 K=16: exact=0.840 calls/input=1.08e+04 QNN=0.920 LAT=0.920 (1s)
n=10 draw=0 CT m=9 K=inf: exact=1.000 calls/input=1.31e+04 QNN=1.000 LAT=1.000 (1s)
n=10 draw=1 DT m=12 K=1: exact=0.252 calls/input=24 QNN=0.530 LAT=0.530 (1s)
n=10 draw=1 DT m=12 K=2: exact=0.396 calls/input=42 QNN=0.580 LAT=0.610 (1s)
n=10 draw=1 DT m=12 K=4: exact=0.612 calls/input=67.9 QNN=0.740 LAT=0.780 (1s)
n=10 draw=1 DT m=12 K=8: exact=0.868 calls/input=94.3 QNN=0.910 LAT=0.940 (1s)
n=10 draw=1 DT m=12 K=16: exact=0.968 calls/input=107 QNN=0.990 LAT=0.990 (1s)
n=10 draw=1 DT m=12 K=inf: exact=1.000 calls/input=111 QNN=1.000 LAT=0.990 (1s)
n=10 draw=1 CT m=9 K=1: exact=0.148 calls/input=1.4e+03 QNN=0.600 LAT=0.480 (1s)
n=10 draw=1 CT m=9 K=2: exact=0.252 calls/input=2.61e+03 QNN=0.650 LAT=0.530 (1s)
n=10 draw=1 CT m=9 K=4: exact=0.388 calls/input=4.64e+03 QNN=0.610 LAT=0.670 (1s)
n=10 draw=1 CT m=9 K=8: exact=0.608 calls/input=7.56e+03 QNN=0.730 LAT=0.740 (1s)
n=10 draw=1 CT m=9 K=16: exact=0.852 calls/input=1.07e+04 QNN=0.880 LAT=0.900 (1s)
n=10 draw=1 CT m=9 K=inf: exact=1.000 calls/input=1.24e+04 QNN=1.000 LAT=0.990 (1s)
n=10 draw=2 DT m=12 K=1: exact=0.252 calls/input=24 QNN=0.530 LAT=0.670 (1s)
n=10 draw=2 DT m=12 K=2: exact=0.432 calls/input=42 QNN=0.570 LAT=0.750 (1s)
n=10 draw=2 DT m=12 K=4: exact=0.632 calls/input=66.5 QNN=0.770 LAT=0.770 (1s)
n=10 draw=2 DT m=12 K=8: exact=0.872 calls/input=92.1 QNN=0.950 LAT=0.950 (1s)
n=10 draw=2 DT m=12 K=16: exact=0.976 calls/input=104 QNN=0.990 LAT=0.990 (1s)
n=10 draw=2 DT m=12 K=inf: exact=1.000 calls/input=106 QNN=0.990 LAT=1.000 (1s)
n=10 draw=2 CT m=9 K=1: exact=0.120 calls/input=1.4e+03 QNN=0.440 LAT=0.610 (1s)
n=10 draw=2 CT m=9 K=2: exact=0.248 calls/input=2.64e+03 QNN=0.600 LAT=0.580 (1s)
n=10 draw=2 CT m=9 K=4: exact=0.404 calls/input=4.64e+03 QNN=0.760 LAT=0.760 (1s)
n=10 draw=2 CT m=9 K=8: exact=0.656 calls/input=7.37e+03 QNN=0.860 LAT=0.840 (1s)
n=10 draw=2 CT m=9 K=16: exact=0.880 calls/input=9.94e+03 QNN=0.940 LAT=0.950 (1s)
n=10 draw=2 CT m=9 K=inf: exact=1.000 calls/input=1.14e+04 QNN=0.990 LAT=1.000 (1s)
n=10 draw=3 DT m=12 K=1: exact=0.216 calls/input=24 QNN=0.510 LAT=0.470 (1s)
n=10 draw=3 DT m=12 K=2: exact=0.420 calls/input=42.8 QNN=0.660 LAT=0.680 (1s)
n=10 draw=3 DT m=12 K=4: exact=0.636 calls/input=67.9 QNN=0.770 LAT=0.770 (1s)
n=10 draw=3 DT m=12 K=8: exact=0.888 calls/input=92 QNN=0.920 LAT=0.920 (1s)
n=10 draw=3 DT m=12 K=16: exact=0.980 calls/input=104 QNN=0.970 LAT=0.970 (1s)
n=10 draw=3 DT m=12 K=inf: exact=1.000 calls/input=106 QNN=1.000 LAT=1.000 (1s)
n=10 draw=3 CT m=9 K=1: exact=0.108 calls/input=1.4e+03 QNN=0.550 LAT=0.540 (1s)
n=10 draw=3 CT m=9 K=2: exact=0.172 calls/input=2.66e+03 QNN=0.580 LAT=0.530 (1s)
n=10 draw=3 CT m=9 K=4: exact=0.324 calls/input=4.86e+03 QNN=0.650 LAT=0.650 (1s)
n=10 draw=3 CT m=9 K=8: exact=0.540 calls/input=8.18e+03 QNN=0.770 LAT=0.760 (1s)
n=10 draw=3 CT m=9 K=16: exact=0.816 calls/input=1.18e+04 QNN=0.930 LAT=0.930 (1s)
n=10 draw=3 CT m=9 K=inf: exact=1.000 calls/input=1.46e+04 QNN=1.000 LAT=1.000 (1s)
n=10 draw=4 DT m=12 K=1: exact=0.176 calls/input=24 QNN=0.520 LAT=0.540 (1s)
n=10 draw=4 DT m=12 K=2: exact=0.404 calls/input=44 QNN=0.590 LAT=0.540 (1s)
n=10 draw=4 DT m=12 K=4: exact=0.664 calls/input=69.7 QNN=0.830 LAT=0.840 (1s)
n=10 draw=4 DT m=12 K=8: exact=0.876 calls/input=92.4 QNN=0.930 LAT=0.930 (1s)
n=10 draw=4 DT m=12 K=16: exact=0.972 calls/input=106 QNN=1.000 LAT=0.990 (1s)
n=10 draw=4 DT m=12 K=inf: exact=1.000 calls/input=109 QNN=1.000 LAT=0.990 (1s)
n=10 draw=4 CT m=9 K=1: exact=0.136 calls/input=1.4e+03 QNN=0.550 LAT=0.560 (1s)
n=10 draw=4 CT m=9 K=2: exact=0.196 calls/input=2.62e+03 QNN=0.570 LAT=0.610 (1s)
n=10 draw=4 CT m=9 K=4: exact=0.328 calls/input=4.79e+03 QNN=0.620 LAT=0.660 (1s)
n=10 draw=4 CT m=9 K=8: exact=0.604 calls/input=7.94e+03 QNN=0.730 LAT=0.760 (1s)
n=10 draw=4 CT m=9 K=16: exact=0.816 calls/input=1.13e+04 QNN=0.890 LAT=0.890 (1s)
n=10 draw=4 CT m=9 K=inf: exact=1.000 calls/input=1.36e+04 QNN=1.000 LAT=0.990 (1s)
n=12 draw=0 DT m=14 K=1: exact=0.260 calls/input=28 QNN=0.560 LAT=0.510 (2s)
n=12 draw=0 DT m=14 K=2: exact=0.472 calls/input=48.7 QNN=0.740 LAT=0.740 (2s)
n=12 draw=0 DT m=14 K=4: exact=0.732 calls/input=73.7 QNN=0.890 LAT=0.880 (1s)
n=12 draw=0 DT m=14 K=8: exact=0.916 calls/input=93.6 QNN=0.950 LAT=0.950 (1s)
n=12 draw=0 DT m=14 K=16: exact=0.980 calls/input=105 QNN=0.980 LAT=0.990 (1s)
n=12 draw=0 DT m=14 K=inf: exact=1.000 calls/input=106 QNN=1.000 LAT=1.000 (1s)
n=12 draw=0 CT m=11 K=1: exact=0.144 calls/input=5.63e+03 QNN=0.570 LAT=0.580 (2s)
n=12 draw=0 CT m=11 K=2: exact=0.228 calls/input=1.04e+04 QNN=0.630 LAT=0.630 (2s)
n=12 draw=0 CT m=11 K=4: exact=0.400 calls/input=1.85e+04 QNN=0.720 LAT=0.750 (2s)
n=12 draw=0 CT m=11 K=8: exact=0.608 calls/input=3.01e+04 QNN=0.850 LAT=0.850 (1s)
n=12 draw=0 CT m=11 K=16: exact=0.848 calls/input=4.19e+04 QNN=0.950 LAT=0.960 (2s)
n=12 draw=0 CT m=11 K=inf: exact=1.000 calls/input=5.12e+04 QNN=1.000 LAT=1.000 (1s)
n=12 draw=1 DT m=14 K=1: exact=0.244 calls/input=28 QNN=0.650 LAT=0.430 (2s)
n=12 draw=1 DT m=14 K=2: exact=0.428 calls/input=49.2 QNN=0.780 LAT=0.780 (2s)
n=12 draw=1 DT m=14 K=4: exact=0.704 calls/input=76.4 QNN=0.930 LAT=0.930 (2s)
n=12 draw=1 DT m=14 K=8: exact=0.920 calls/input=98.4 QNN=0.990 LAT=0.950 (1s)
n=12 draw=1 DT m=14 K=16: exact=0.984 calls/input=107 QNN=1.000 LAT=0.970 (2s)
n=12 draw=1 DT m=14 K=inf: exact=1.000 calls/input=110 QNN=1.000 LAT=0.960 (2s)
n=12 draw=1 CT m=11 K=1: exact=0.116 calls/input=5.63e+03 QNN=0.460 LAT=0.420 (2s)
n=12 draw=1 CT m=11 K=2: exact=0.240 calls/input=1.06e+04 QNN=0.580 LAT=0.480 (2s)
n=12 draw=1 CT m=11 K=4: exact=0.412 calls/input=1.87e+04 QNN=0.680 LAT=0.660 (2s)
n=12 draw=1 CT m=11 K=8: exact=0.664 calls/input=2.96e+04 QNN=0.890 LAT=0.870 (1s)
n=12 draw=1 CT m=11 K=16: exact=0.868 calls/input=3.99e+04 QNN=0.950 LAT=0.930 (2s)
n=12 draw=1 CT m=11 K=inf: exact=1.000 calls/input=4.5e+04 QNN=1.000 LAT=0.960 (2s)
n=12 draw=2 DT m=14 K=1: exact=0.236 calls/input=28 QNN=0.620 LAT=0.620 (2s)
n=12 draw=2 DT m=14 K=2: exact=0.460 calls/input=49.4 QNN=0.700 LAT=0.710 (2s)
n=12 draw=2 DT m=14 K=4: exact=0.688 calls/input=76.2 QNN=0.870 LAT=0.870 (2s)
n=12 draw=2 DT m=14 K=8: exact=0.896 calls/input=101 QNN=0.950 LAT=0.950 (2s)
n=12 draw=2 DT m=14 K=16: exact=0.988 calls/input=109 QNN=1.000 LAT=1.000 (2s)
n=12 draw=2 DT m=14 K=inf: exact=1.000 calls/input=110 QNN=1.000 LAT=1.000 (1s)
n=12 draw=2 CT m=11 K=1: exact=0.148 calls/input=5.63e+03 QNN=0.410 LAT=0.520 (2s)
n=12 draw=2 CT m=11 K=2: exact=0.268 calls/input=1.04e+04 QNN=0.510 LAT=0.520 (2s)
n=12 draw=2 CT m=11 K=4: exact=0.432 calls/input=1.82e+04 QNN=0.620 LAT=0.630 (1s)
n=12 draw=2 CT m=11 K=8: exact=0.672 calls/input=2.88e+04 QNN=0.810 LAT=0.770 (2s)
n=12 draw=2 CT m=11 K=16: exact=0.892 calls/input=3.82e+04 QNN=0.950 LAT=0.940 (2s)
n=12 draw=2 CT m=11 K=inf: exact=1.000 calls/input=4.38e+04 QNN=1.000 LAT=1.000 (2s)
n=12 draw=3 DT m=14 K=1: exact=0.252 calls/input=28 QNN=0.630 LAT=0.650 (1s)
n=12 draw=3 DT m=14 K=2: exact=0.452 calls/input=48.9 QNN=0.700 LAT=0.720 (2s)
n=12 draw=3 DT m=14 K=4: exact=0.692 calls/input=75.8 QNN=0.840 LAT=0.840 (2s)
n=12 draw=3 DT m=14 K=8: exact=0.872 calls/input=99.9 QNN=0.920 LAT=0.920 (2s)
n=12 draw=3 DT m=14 K=16: exact=0.992 calls/input=112 QNN=1.000 LAT=0.990 (2s)
n=12 draw=3 DT m=14 K=inf: exact=1.000 calls/input=113 QNN=1.000 LAT=0.980 (1s)
n=12 draw=3 CT m=11 K=1: exact=0.152 calls/input=5.63e+03 QNN=0.490 LAT=0.480 (2s)
n=12 draw=3 CT m=11 K=2: exact=0.268 calls/input=1.04e+04 QNN=0.510 LAT=0.480 (1s)
n=12 draw=3 CT m=11 K=4: exact=0.484 calls/input=1.8e+04 QNN=0.730 LAT=0.740 (1s)
n=12 draw=3 CT m=11 K=8: exact=0.704 calls/input=2.75e+04 QNN=0.800 LAT=0.850 (2s)
n=12 draw=3 CT m=11 K=16: exact=0.904 calls/input=3.61e+04 QNN=0.910 LAT=0.930 (2s)
n=12 draw=3 CT m=11 K=inf: exact=1.000 calls/input=4.05e+04 QNN=1.000 LAT=0.980 (2s)
n=12 draw=4 DT m=14 K=1: exact=0.260 calls/input=28 QNN=0.560 LAT=0.490 (2s)
n=12 draw=4 DT m=14 K=2: exact=0.504 calls/input=48.7 QNN=0.730 LAT=0.710 (1s)
n=12 draw=4 DT m=14 K=4: exact=0.716 calls/input=73 QNN=0.780 LAT=0.820 (2s)
n=12 draw=4 DT m=14 K=8: exact=0.940 calls/input=92.4 QNN=0.980 LAT=0.980 (2s)
n=12 draw=4 DT m=14 K=16: exact=0.988 calls/input=101 QNN=1.000 LAT=1.000 (2s)
n=12 draw=4 DT m=14 K=inf: exact=1.000 calls/input=103 QNN=1.000 LAT=1.000 (2s)
n=12 draw=4 CT m=11 K=1: exact=0.128 calls/input=5.63e+03 QNN=0.460 LAT=0.530 (2s)
n=12 draw=4 CT m=11 K=2: exact=0.204 calls/input=1.05e+04 QNN=0.490 LAT=0.520 (2s)
n=12 draw=4 CT m=11 K=4: exact=0.388 calls/input=1.88e+04 QNN=0.510 LAT=0.520 (1s)
n=12 draw=4 CT m=11 K=8: exact=0.624 calls/input=3.03e+04 QNN=0.760 LAT=0.730 (1s)
n=12 draw=4 CT m=11 K=16: exact=0.892 calls/input=4.15e+04 QNN=0.950 LAT=0.950 (2s)
n=12 draw=4 CT m=11 K=inf: exact=1.000 calls/input=4.63e+04 QNN=1.000 LAT=1.000 (1s)
n=16 draw=0 DT m=18 K=1: exact=0.180 calls/input=36 QNN=0.620 LAT=0.550 (5s)
n=16 draw=0 DT m=18 K=2: exact=0.344 calls/input=65.5 QNN=0.650 LAT=0.680 (6s)
n=16 draw=0 DT m=18 K=4: exact=0.584 calls/input=108 QNN=0.750 LAT=0.760 (5s)
n=16 draw=0 DT m=18 K=8: exact=0.800 calls/input=155 QNN=0.900 LAT=0.880 (5s)
n=16 draw=0 DT m=18 K=16: exact=0.964 calls/input=183 QNN=0.970 LAT=0.970 (5s)
n=16 draw=0 DT m=18 K=inf: exact=1.000 calls/input=189 QNN=0.980 LAT=0.990 (5s)
n=16 draw=0 CT m=15 K=1: exact=0.088 calls/input=9.01e+04 QNN=0.560 LAT=0.650 (6s)
n=16 draw=0 CT m=15 K=2: exact=0.176 calls/input=1.72e+05 QNN=0.580 LAT=0.690 (5s)
n=16 draw=0 CT m=15 K=4: exact=0.312 calls/input=3.13e+05 QNN=0.590 LAT=0.630 (5s)
n=16 draw=0 CT m=15 K=8: exact=0.524 calls/input=5.3e+05 QNN=0.760 LAT=0.760 (6s)
n=16 draw=0 CT m=15 K=16: exact=0.756 calls/input=7.83e+05 QNN=0.900 LAT=0.880 (5s)
n=16 draw=0 CT m=15 K=inf: exact=1.000 calls/input=1.08e+06 QNN=0.980 LAT=0.990 (5s)
n=16 draw=1 DT m=18 K=1: exact=0.204 calls/input=36 QNN=0.600 LAT=0.540 (6s)
n=16 draw=1 DT m=18 K=2: exact=0.328 calls/input=64.7 QNN=0.560 LAT=0.610 (5s)
n=16 draw=1 DT m=18 K=4: exact=0.528 calls/input=109 QNN=0.690 LAT=0.710 (5s)
n=16 draw=1 DT m=18 K=8: exact=0.796 calls/input=157 QNN=0.880 LAT=0.880 (6s)
n=16 draw=1 DT m=18 K=16: exact=0.964 calls/input=189 QNN=0.970 LAT=0.970 (5s)
n=16 draw=1 DT m=18 K=inf: exact=1.000 calls/input=197 QNN=1.000 LAT=0.990 (5s)
n=16 draw=1 CT m=15 K=1: exact=0.116 calls/input=9.01e+04 QNN=0.520 LAT=0.530 (6s)
n=16 draw=1 CT m=15 K=2: exact=0.188 calls/input=1.7e+05 QNN=0.530 LAT=0.520 (5s)
n=16 draw=1 CT m=15 K=4: exact=0.336 calls/input=3.08e+05 QNN=0.650 LAT=0.550 (5s)
n=16 draw=1 CT m=15 K=8: exact=0.528 calls/input=5.17e+05 QNN=0.720 LAT=0.720 (6s)
n=16 draw=1 CT m=15 K=16: exact=0.760 calls/input=7.63e+05 QNN=0.760 LAT=0.760 (6s)
n=16 draw=1 CT m=15 K=inf: exact=1.000 calls/input=9.68e+05 QNN=1.000 LAT=0.990 (5s)
n=16 draw=2 DT m=18 K=1: exact=0.208 calls/input=36 QNN=0.520 LAT=0.520 (6s)
n=16 draw=2 DT m=18 K=2: exact=0.332 calls/input=64.5 QNN=0.670 LAT=0.710 (5s)
n=16 draw=2 DT m=18 K=4: exact=0.524 calls/input=110 QNN=0.820 LAT=0.810 (5s)
n=16 draw=2 DT m=18 K=8: exact=0.756 calls/input=164 QNN=0.890 LAT=0.890 (5s)
n=16 draw=2 DT m=18 K=16: exact=0.948 calls/input=205 QNN=0.950 LAT=0.930 (5s)
n=16 draw=2 DT m=18 K=inf: exact=1.000 calls/input=221 QNN=0.960 LAT=0.940 (5s)
n=16 draw=2 CT m=15 K=1: exact=0.104 calls/input=9.01e+04 QNN=0.470 LAT=0.510 (6s)
n=16 draw=2 CT m=15 K=2: exact=0.204 calls/input=1.71e+05 QNN=0.490 LAT=0.490 (5s)
n=16 draw=2 CT m=15 K=4: exact=0.352 calls/input=3.08e+05 QNN=0.540 LAT=0.520 (5s)
n=16 draw=2 CT m=15 K=8: exact=0.564 calls/input=5.04e+05 QNN=0.720 LAT=0.700 (5s)
n=16 draw=2 CT m=15 K=16: exact=0.800 calls/input=7.48e+05 QNN=0.860 LAT=0.840 (5s)
n=16 draw=2 CT m=15 K=inf: exact=1.000 calls/input=9.61e+05 QNN=0.960 LAT=0.940 (5s)
n=16 draw=3 DT m=18 K=1: exact=0.216 calls/input=36 QNN=0.560 LAT=0.530 (6s)
n=16 draw=3 DT m=18 K=2: exact=0.340 calls/input=64.2 QNN=0.640 LAT=0.690 (6s)
n=16 draw=3 DT m=18 K=4: exact=0.556 calls/input=107 QNN=0.740 LAT=0.770 (5s)
n=16 draw=3 DT m=18 K=8: exact=0.860 calls/input=152 QNN=0.920 LAT=0.920 (5s)
n=16 draw=3 DT m=18 K=16: exact=0.980 calls/input=173 QNN=0.980 LAT=0.990 (5s)
n=16 draw=3 DT m=18 K=inf: exact=1.000 calls/input=176 QNN=1.000 LAT=1.000 (5s)
n=16 draw=3 CT m=15 K=1: exact=0.084 calls/input=9.01e+04 QNN=0.430 LAT=0.470 (6s)
n=16 draw=3 CT m=15 K=2: exact=0.152 calls/input=1.73e+05 QNN=0.480 LAT=0.500 (5s)
n=16 draw=3 CT m=15 K=4: exact=0.328 calls/input=3.18e+05 QNN=0.640 LAT=0.650 (5s)
n=16 draw=3 CT m=15 K=8: exact=0.548 calls/input=5.3e+05 QNN=0.780 LAT=0.810 (5s)
n=16 draw=3 CT m=15 K=16: exact=0.788 calls/input=7.74e+05 QNN=0.890 LAT=0.890 (5s)
n=16 draw=3 CT m=15 K=inf: exact=1.000 calls/input=9.93e+05 QNN=1.000 LAT=1.000 (5s)
n=16 draw=4 DT m=18 K=1: exact=0.196 calls/input=36 QNN=0.510 LAT=0.540 (6s)
n=16 draw=4 DT m=18 K=2: exact=0.340 calls/input=64.9 QNN=0.660 LAT=0.560 (5s)
n=16 draw=4 DT m=18 K=4: exact=0.608 calls/input=107 QNN=0.800 LAT=0.810 (6s)
n=16 draw=4 DT m=18 K=8: exact=0.808 calls/input=151 QNN=0.860 LAT=0.880 (6s)
n=16 draw=4 DT m=18 K=16: exact=0.964 calls/input=181 QNN=0.930 LAT=0.960 (6s)
n=16 draw=4 DT m=18 K=inf: exact=1.000 calls/input=190 QNN=0.990 LAT=0.990 (6s)
n=16 draw=4 CT m=15 K=1: exact=0.084 calls/input=9.01e+04 QNN=0.400 LAT=0.540 (6s)
n=16 draw=4 CT m=15 K=2: exact=0.156 calls/input=1.73e+05 QNN=0.490 LAT=0.510 (6s)
n=16 draw=4 CT m=15 K=4: exact=0.280 calls/input=3.19e+05 QNN=0.510 LAT=0.580 (6s)
n=16 draw=4 CT m=15 K=8: exact=0.508 calls/input=5.51e+05 QNN=0.750 LAT=0.740 (6s)
n=16 draw=4 CT m=15 K=16: exact=0.768 calls/input=8.02e+05 QNN=0.900 LAT=0.870 (6s)
n=16 draw=4 CT m=15 K=inf: exact=1.000 calls/input=1.05e+06 QNN=0.990 LAT=0.990 (6s)
done 240
