n= 8 draw=100 CTQW-QNN       test=0.990 {'h': 6, 'ridge': 0.001, 't': 2} (1.6s)
n= 8 draw=100 LAT kernel     test=1.000 {'C': 10, 'k': 5} (0.7s)
n= 8 draw=100 No walk (t=0)  test=0.970 {'h': 3, 'ridge': 0.001} (0.1s)
n= 8 draw=101 CTQW-QNN       test=1.000 {'h': 6, 'ridge': 0.001, 't': 1.5} (1.5s)
n= 8 draw=101 LAT kernel     test=1.000 {'C': 0.01, 'k': 3} (0.8s)
n= 8 draw=101 No walk (t=0)  test=0.960 {'h': 3, 'ridge': 0.001} (0.2s)
n= 8 draw=102 CTQW-QNN       test=1.000 {'h': 6, 'ridge': 0.001, 't': 2} (1.5s)
n= 8 draw=102 LAT kernel     test=0.980 {'C': 0.1, 'k': 6} (0.7s)
n= 8 draw=102 No walk (t=0)  test=0.960 {'h': 5, 'ridge': 0.001} (0.2s)
n= 8 draw=103 CTQW-QNN       test=1.000 {'h': 4, 'ridge': 0.001, 't': 0.1} (1.5s)
n= 8 draw=103 LAT kernel     test=0.950 {'C': 1, 'k': 2} (0.9s)
n= 8 draw=103 No walk (t=0)  test=1.000 {'h': 4, 'ridge': 0.001} (0.2s)
n= 8 draw=104 CTQW-QNN       test=1.000 {'h': 6, 'ridge': 0.001, 't': 2} (1.6s)
n= 8 draw=104 LAT kernel     test=1.000 {'C': 1, 'k': 3} (0.7s)
n= 8 draw=104 No walk (t=0)  test=0.960 {'h': 3, 'ridge': 0.001} (0.1s)
n= 8 draw=105 CTQW-QNN       test=0.980 {'h': 6, 'ridge': 1.0, 't': 3} (1.6s)
n= 8 draw=105 LAT kernel     test=0.990 {'C': 0.1, 'k': 7} (0.7s)
n= 8 draw=105 No walk (t=0)  test=0.990 {'h': 3, 'ridge': 0.001} (0.2s)
n= 8 draw=106 CTQW-QNN       test=0.970 {'h': 6, 'ridge': 0.001, 't': 0.5} (1.6s)
n= 8 draw=106 LAT kernel     test=0.990 {'C': 1, 'k': 2} (0.7s)
n= 8 draw=106 No walk (t=0)  test=0.980 {'h': 5, 'ridge': 0.001} (0.2s)
n= 8 draw=107 CTQW-QNN       test=1.000 {'h': 6, 'ridge': 0.001, 't': 0.1} (1.5s)
n= 8 draw=107 LAT kernel     test=1.000 {'C': 10, 'k': 5} (0.8s)
n= 8 draw=107 No walk (t=0)  test=0.970 {'h': 3, 'ridge': 0.001} (0.1s)
n= 8 draw=108 CTQW-QNN       test=1.000 {'h': 4, 'ridge': 0.001, 't': 0.1} (1.7s)
n= 8 draw=108 LAT kernel     test=1.000 {'C': 0.01, 'k': 2} (0.8s)
n= 8 draw=108 No walk (t=0)  test=1.000 {'h': 4, 'ridge': 0.001} (0.1s)
n= 8 draw=109 CTQW-QNN       test=0.940 {'h': 6, 'ridge': 0.001, 't': 0.1} (1.5s)
n= 8 draw=109 LAT kernel     test=0.960 {'C': 0.1, 'k': 5} (0.7s)
n= 8 draw=109 No walk (t=0)  test=0.930 {'h': 3, 'ridge': 0.001} (0.2s)
n=10 draw=100 CTQW-QNN       test=1.000 {'h': 6, 'ridge': 0.001, 't': 1} (1.6s)
n=10 draw=100 LAT kernel     test=1.000 {'C': 1, 'k': 5} (1.0s)
n=10 draw=100 No walk (t=0)  test=0.960 {'h': 5, 'ridge': 0.001} (0.2s)
n=10 draw=101 CTQW-QNN       test=0.990 {'h': 4, 'ridge': 0.001, 't': 0.1} (1.6s)
n=10 draw=101 LAT kernel     test=0.990 {'C': 1, 'k': 7} (0.9s)
n=10 draw=101 No walk (t=0)  test=0.990 {'h': 4, 'ridge': 0.001} (0.2s)
n=10 draw=102 CTQW-QNN       test=0.960 {'h': 6, 'ridge': 0.001, 't': 2} (1.5s)
n=10 draw=102 LAT kernel     test=0.990 {'C': 0.1, 'k': 7} (1.1s)
n=10 draw=102 No walk (t=0)  test=0.950 {'h': 3, 'ridge': 0.001} (0.2s)
n=10 draw=103 CTQW-QNN       test=1.000 {'h': 6, 'ridge': 0.001, 't': 0.25} (1.5s)
n=10 draw=103 LAT kernel     test=0.990 {'C': 1, 'k': 7} (0.9s)
n=10 draw=103 No walk (t=0)  test=0.960 {'h': 5, 'ridge': 0.001} (0.2s)
n=10 draw=104 CTQW-QNN       test=0.980 {'h': 4, 'ridge': 0.001, 't': 0.1} (1.5s)
n=10 draw=104 LAT kernel     test=0.990 {'C': 1, 'k': 5} (0.9s)
n=10 draw=104 No walk (t=0)  test=0.980 {'h': 4, 'ridge': 0.001} (0.2s)
n=10 draw=105 CTQW-QNN       test=1.000 {'h': 6, 'ridge': 0.001, 't': 2} (1.5s)
n=10 draw=105 LAT kernel     test=1.000 {'C': 1, 'k': 5} (0.9s)
n=10 draw=105 No walk (t=0)  test=0.950 {'h': 4, 'ridge': 0.001} (0.2s)
n=10 draw=106 CTQW-QNN       test=0.980 {'h': 6, 'ridge': 0.001, 't': 0.25} (1.5s)
n=10 draw=106 LAT kernel     test=0.990 {'C': 0.1, 'k': 7} (0.9s)
n=10 draw=106 No walk (t=0)  test=0.970 {'h': 3, 'ridge': 0.001} (0.2s)
n=10 draw=107 CTQW-QNN       test=1.000 {'h': 6, 'ridge': 0.001, 't': 3} (1.5s)
n=10 draw=107 LAT kernel     test=1.000 {'C': 10, 'k': 6} (1.0s)
n=10 draw=107 No walk (t=0)  test=0.970 {'h': 4, 'ridge': 0.001} (0.2s)
n=10 draw=108 CTQW-QNN       test=0.970 {'h': 5, 'ridge': 1.0, 't': 8} (1.6s)
n=10 draw=108 LAT kernel     test=0.990 {'C': 0.1, 'k': 8} (0.9s)
n=10 draw=108 No walk (t=0)  test=1.000 {'h': 5, 'ridge': 1.0} (0.2s)
n=10 draw=109 CTQW-QNN       test=0.950 {'h': 3, 'ridge': 0.001, 't': 0.1} (1.6s)
n=10 draw=109 LAT kernel     test=0.980 {'C': 1, 'k': 5} (1.0s)
n=10 draw=109 No walk (t=0)  test=0.950 {'h': 3, 'ridge': 0.001} (0.2s)
n=12 draw=100 CTQW-QNN       test=0.980 {'h': 5, 'ridge': 0.001, 't': 1.5} (1.5s)
n=12 draw=100 LAT kernel     test=1.000 {'C': 1, 'k': 8} (1.2s)
n=12 draw=100 No walk (t=0)  test=0.980 {'h': 5, 'ridge': 1.0} (0.2s)
n=12 draw=101 CTQW-QNN       test=0.970 {'h': 6, 'ridge': 0.001, 't': 0.25} (1.5s)
n=12 draw=101 LAT kernel     test=0.980 {'C': 1, 'k': 7} (1.2s)
n=12 draw=101 No walk (t=0)  test=0.960 {'h': 5, 'ridge': 1.0} (0.2s)
n=12 draw=102 CTQW-QNN       test=0.980 {'h': 6, 'ridge': 0.001, 't': 1.5} (1.5s)
n=12 draw=102 LAT kernel     test=0.970 {'C': 1, 'k': 7} (1.1s)
n=12 draw=102 No walk (t=0)  test=0.990 {'h': 3, 'ridge': 0.001} (0.2s)
n=12 draw=103 CTQW-QNN       test=1.000 {'h': 6, 'ridge': 0.001, 't': 1} (1.6s)
n=12 draw=103 LAT kernel     test=1.000 {'C': 10, 'k': 7} (1.1s)
n=12 draw=103 No walk (t=0)  test=1.000 {'h': 5, 'ridge': 1.0} (0.2s)
n=12 draw=104 CTQW-QNN       test=1.000 {'h': 5, 'ridge': 0.001, 't': 1.5} (1.6s)
n=12 draw=104 LAT kernel     test=1.000 {'C': 1, 'k': 8} (1.1s)
n=12 draw=104 No walk (t=0)  test=1.000 {'h': 5, 'ridge': 1.0} (0.2s)
n=12 draw=105 CTQW-QNN       test=0.990 {'h': 3, 'ridge': 0.001, 't': 0.1} (1.5s)
n=12 draw=105 LAT kernel     test=0.990 {'C': 1, 'k': 7} (1.2s)
n=12 draw=105 No walk (t=0)  test=0.990 {'h': 3, 'ridge': 0.001} (0.2s)
n=12 draw=106 CTQW-QNN       test=1.000 {'h': 4, 'ridge': 0.001, 't': 0.1} (1.5s)
n=12 draw=106 LAT kernel     test=1.000 {'C': 1, 'k': 7} (1.3s)
n=12 draw=106 No walk (t=0)  test=1.000 {'h': 4, 'ridge': 0.001} (0.2s)
n=12 draw=107 CTQW-QNN       test=1.000 {'h': 3, 'ridge': 0.001, 't': 0.1} (1.6s)
n=12 draw=107 LAT kernel     test=0.980 {'C': 1, 'k': 7} (1.1s)
n=12 draw=107 No walk (t=0)  test=1.000 {'h': 3, 'ridge': 0.001} (0.2s)
n=12 draw=108 CTQW-QNN       test=0.960 {'h': 6, 'ridge': 0.001, 't': 1} (1.5s)
n=12 draw=108 LAT kernel     test=1.000 {'C': 1, 'k': 10} (1.1s)
n=12 draw=108 No walk (t=0)  test=0.990 {'h': 3, 'ridge': 0.001} (0.2s)
n=12 draw=109 CTQW-QNN       test=1.000 {'h': 5, 'ridge': 0.001, 't': 0.1} (1.5s)
n=12 draw=109 LAT kernel     test=1.000 {'C': 1, 'k': 7} (1.2s)
n=12 draw=109 No walk (t=0)  test=1.000 {'h': 5, 'ridge': 1.0} (0.2s)
n=16 draw=100 CTQW-QNN       test=1.000 {'h': 6, 'ridge': 0.001, 't': 3} (1.7s)
n=16 draw=100 LAT kernel     test=1.000 {'C': 1, 'k': 11} (1.6s)
n=16 draw=100 No walk (t=0)  test=0.940 {'h': 5, 'ridge': 0.001} (0.2s)
n=16 draw=101 CTQW-QNN       test=1.000 {'h': 3, 'ridge': 0.001, 't': 0.1} (1.5s)
n=16 draw=101 LAT kernel     test=1.000 {'C': 1, 'k': 14} (1.5s)
n=16 draw=101 No walk (t=0)  test=1.000 {'h': 3, 'ridge': 0.001} (0.2s)
n=16 draw=102 CTQW-QNN       test=0.980 {'h': 6, 'ridge': 0.001, 't': 0.5} (1.5s)
n=16 draw=102 LAT kernel     test=1.000 {'C': 0.1, 'k': 13} (1.5s)
n=16 draw=102 No walk (t=0)  test=0.960 {'h': 5, 'ridge': 0.001} (0.2s)
n=16 draw=103 CTQW-QNN       test=0.980 {'h': 5, 'ridge': 0.001, 't': 0.1} (1.5s)
n=16 draw=103 LAT kernel     test=1.000 {'C': 1, 'k': 13} (1.5s)
n=16 draw=103 No walk (t=0)  test=0.980 {'h': 5, 'ridge': 0.001} (0.2s)
n=16 draw=104 CTQW-QNN       test=0.990 {'h': 4, 'ridge': 0.001, 't': 0.1} (1.5s)
n=16 draw=104 LAT kernel     test=0.960 {'C': 0.1, 'k': 13} (1.6s)
n=16 draw=104 No walk (t=0)  test=0.990 {'h': 4, 'ridge': 0.001} (0.2s)
n=16 draw=105 CTQW-QNN       test=0.990 {'h': 5, 'ridge': 0.001, 't': 0.25} (1.6s)
n=16 draw=105 LAT kernel     test=1.000 {'C': 1, 'k': 12} (1.6s)
n=16 draw=105 No walk (t=0)  test=0.990 {'h': 4, 'ridge': 0.001} (0.2s)
n=16 draw=106 CTQW-QNN       test=0.990 {'h': 4, 'ridge': 0.001, 't': 0.1} (1.6s)
n=16 draw=106 LAT kernel     test=0.980 {'C': 1, 'k': 12} (1.5s)
n=16 draw=106 No walk (t=0)  test=0.990 {'h': 4, 'ridge': 0.001} (0.2s)
n=16 draw=107 CTQW-QNN       test=1.000 {'h': 5, 'ridge': 0.001, 't': 0.1} (1.5s)
n=16 draw=107 LAT kernel     test=0.980 {'C': 0.1, 'k': 13} (1.5s)
n=16 draw=107 No walk (t=0)  test=1.000 {'h': 5, 'ridge': 0.001} (0.2s)
n=16 draw=108 CTQW-QNN       test=0.980 {'h': 4, 'ridge': 0.001, 't': 0.1} (1.7s)
n=16 draw=108 LAT kernel     test=1.000 {'C': 1, 'k': 12} (1.4s)
n=16 draw=108 No walk (t=0)  test=0.980 {'h': 4, 'ridge': 0.001} (0.2s)
n=16 draw=109 CTQW-QNN       test=0.990 {'h': 6, 'ridge': 0.001, 't': 0.5} (1.7s)
n=16 draw=109 LAT kernel     test=0.990 {'C': 1, 'k': 11} (1.5s)
n=16 draw=109 No walk (t=0)  test=0.990 {'h': 3, 'ridge': 0.001} (0.2s)
{
 "primary_CTQW_vs_LAT_pooled": {
  "a_only": 21,
  "b_only": 34,
  "p": 0.10478948242660333,
  "acc_a": 0.98725,
  "acc_b": 0.9905
 },
 "secondary_CTQW_vs_nowalk_pooled": {
  "a_only": 51,
  "b_only": 15,
  "p": 1.0096127351113507e-05,
  "acc_a": 0.98725,
  "acc_b": 0.97825
 },
 "per_size": {
  "8": {
   "vs_LAT": {
    "a_only": 7,
    "b_only": 6,
    "p": 1.0,
    "acc_a": 0.988,
    "acc_b": 0.987
   },
   "vs_nowalk": {
    "a_only": 18,
    "b_only": 2,
    "p": 0.0004024505615234375,
    "acc_a": 0.988,
    "acc_b": 0.972
   }
  },
  "10": {
   "vs_LAT": {
    "a_only": 3,
    "b_only": 12,
    "p": 0.03515625,
    "acc_a": 0.983,
    "acc_b": 0.992
   },
   "vs_nowalk": {
    "a_only": 22,
    "b_only": 7,
    "p": 0.008130058646202087,
    "acc_a": 0.983,
    "acc_b": 0.968
   }
  },
  "12": {
   "vs_LAT": {
    "a_only": 5,
    "b_only": 9,
    "p": 0.4239501953125,
    "acc_a": 0.988,
    "acc_b": 0.992
   },
   "vs_nowalk": {
    "a_only": 2,
    "b_only": 5,
    "p": 0.453125,
    "acc_a": 0.988,
    "acc_b": 0.991
   }
  },
  "16": {
   "vs_LAT": {
    "a_only": 6,
    "b_only": 7,
    "p": 1.0,
    "acc_a": 0.99,
    "acc_b": 0.991
   },
   "vs_nowalk": {
    "a_only": 9,
    "b_only": 1,
    "p": 0.021484375,
    "acc_a": 0.99,
    "acc_b": 0.982
   }
  }
 },
 "mean_acc": {
  "CTQW-QNN": {
   "8": 0.9880000000000001,
   "10": 0.983,
   "12": 0.9879999999999999,
   "16": 0.99
  },
  "LAT kernel": {
   "8": 0.9870000000000001,
   "10": 0.992,
   "12": 0.992,
   "16": 0.991
  },
  "No walk (t=0)": {
   "8": 0.9719999999999999,
   "10": 0.968,
   "12": 0.991,
   "16": 0.982
  }
 },
 "sd_acc": {
  "CTQW-QNN": {
   "8": 0.019888578520235085,
   "10": 0.018287822299126955,
   "12": 0.014757295747452452,
   "16": 0.008164965809277266
  },
  "LAT kernel": {
   "8": 0.018287822299126955,
   "10": 0.006324555320336764,
   "12": 0.011352924243950943,
   "16": 0.013703203194062989
  },
  "No walk (t=0)": {
   "8": 0.021499353995462794,
   "10": 0.017511900715418277,
   "12": 0.012866839377079197,
   "16": 0.018737959096740277
  }
 },
 "decision": "No significant difference: the exploratory 16:3 did not replicate"
}
