n= 8 draw=200 CTQW-QNN       test=0.960 {'h': 6, 't': 0.25, 'ridge': 0.001} (0.8s)
n= 8 draw=200 LAT kernel     test=0.970 {'C': 1, 'k': 3} (0.7s)
n= 8 draw=200 No walk (t=0)  test=0.940 {'h': 5, 't': 0.0, 'ridge': 0.001} (0.1s)
n= 8 draw=201 CTQW-QNN       test=0.960 {'h': 7, 't': 0.5, 'ridge': 0.001} (0.7s)
n= 8 draw=201 LAT kernel     test=0.960 {'C': 0.1, 'k': 5} (0.7s)
n= 8 draw=201 No walk (t=0)  test=0.910 {'h': 4, 't': 0.0, 'ridge': 0.001} (0.1s)
n= 8 draw=202 CTQW-QNN       test=0.960 {'h': 7, 't': 8, 'ridge': 0.01} (0.7s)
n= 8 draw=202 LAT kernel     test=0.980 {'C': 1, 'k': 3} (0.7s)
n= 8 draw=202 No walk (t=0)  test=0.960 {'h': 3, 't': 0.0, 'ridge': 0.001} (0.1s)
n= 8 draw=203 CTQW-QNN       test=0.980 {'h': 7, 't': 3, 'ridge': 0.001} (0.9s)
n= 8 draw=203 LAT kernel     test=0.990 {'C': 1, 'k': 3} (0.7s)
n= 8 draw=203 No walk (t=0)  test=0.920 {'h': 4, 't': 0.0, 'ridge': 0.001} (0.1s)
n= 8 draw=204 CTQW-QNN       test=1.000 {'h': 7, 't': 3, 'ridge': 0.001} (0.8s)
n= 8 draw=204 LAT kernel     test=1.000 {'C': 100, 'k': 7} (0.7s)
n= 8 draw=204 No walk (t=0)  test=1.000 {'h': 5, 't': 0.0, 'ridge': 1.0} (0.1s)
n= 8 draw=205 CTQW-QNN       test=0.980 {'h': 7, 't': 1.5, 'ridge': 0.001} (0.7s)
n= 8 draw=205 LAT kernel     test=0.980 {'C': 1, 'k': 3} (0.9s)
n= 8 draw=205 No walk (t=0)  test=0.990 {'h': 5, 't': 0.0, 'ridge': 1.0} (0.1s)
n= 8 draw=206 CTQW-QNN       test=0.970 {'h': 8, 't': 1, 'ridge': 0.001} (0.9s)
n= 8 draw=206 LAT kernel     test=0.990 {'C': 1, 'k': 2} (0.7s)
n= 8 draw=206 No walk (t=0)  test=0.990 {'h': 5, 't': 0.0, 'ridge': 0.001} (0.1s)
n= 8 draw=207 CTQW-QNN       test=1.000 {'h': 6, 't': 0.1, 'ridge': 0.001} (0.8s)
n= 8 draw=207 LAT kernel     test=1.000 {'C': 0.01, 'k': 3} (0.7s)
n= 8 draw=207 No walk (t=0)  test=0.970 {'h': 3, 't': 0.0, 'ridge': 0.001} (0.1s)
n= 8 draw=208 CTQW-QNN       test=1.000 {'h': 3, 't': 0.1, 'ridge': 0.001} (0.9s)
n= 8 draw=208 LAT kernel     test=0.970 {'C': 1, 'k': 5} (0.7s)
n= 8 draw=208 No walk (t=0)  test=1.000 {'h': 3, 't': 0.0, 'ridge': 0.001} (0.1s)
n= 8 draw=209 CTQW-QNN       test=1.000 {'h': 7, 't': 1, 'ridge': 0.001} (0.9s)
n= 8 draw=209 LAT kernel     test=0.980 {'C': 1, 'k': 2} (0.7s)
n= 8 draw=209 No walk (t=0)  test=0.980 {'h': 5, 't': 0.0, 'ridge': 0.001} (0.1s)
n=10 draw=200 CTQW-QNN       test=1.000 {'h': 6, 't': 0.25, 'ridge': 0.001} (1.1s)
n=10 draw=200 LAT kernel     test=0.970 {'C': 1, 'k': 5} (0.9s)
n=10 draw=200 No walk (t=0)  test=0.970 {'h': 3, 't': 0.0, 'ridge': 0.001} (0.2s)
n=10 draw=201 CTQW-QNN       test=0.990 {'h': 8, 't': 1.5, 'ridge': 0.001} (1.1s)
n=10 draw=201 LAT kernel     test=1.000 {'C': 1, 'k': 7} (1.0s)
n=10 draw=201 No walk (t=0)  test=0.990 {'h': 5, 't': 0.0, 'ridge': 0.001} (0.1s)
n=10 draw=202 CTQW-QNN       test=1.000 {'h': 6, 't': 0.1, 'ridge': 0.001} (1.2s)
n=10 draw=202 LAT kernel     test=0.990 {'C': 1, 'k': 5} (0.9s)
n=10 draw=202 No walk (t=0)  test=0.980 {'h': 4, 't': 0.0, 'ridge': 0.001} (0.1s)
n=10 draw=203 CTQW-QNN       test=0.970 {'h': 6, 't': 0.5, 'ridge': 0.001} (1.1s)
n=10 draw=203 LAT kernel     test=0.990 {'C': 1, 'k': 5} (1.0s)
n=10 draw=203 No walk (t=0)  test=0.990 {'h': 3, 't': 0.0, 'ridge': 0.001} (0.1s)
n=10 draw=204 CTQW-QNN       test=0.960 {'h': 5, 't': 0.25, 'ridge': 0.001} (1.2s)
n=10 draw=204 LAT kernel     test=0.980 {'C': 1, 'k': 5} (1.0s)
n=10 draw=204 No walk (t=0)  test=0.920 {'h': 5, 't': 0.0, 'ridge': 0.001} (0.1s)
n=10 draw=205 CTQW-QNN       test=0.970 {'h': 5, 't': 0.1, 'ridge': 0.001} (1.1s)
n=10 draw=205 LAT kernel     test=0.980 {'C': 0.1, 'k': 7} (1.1s)
n=10 draw=205 No walk (t=0)  test=0.970 {'h': 5, 't': 0.0, 'ridge': 0.001} (0.1s)
n=10 draw=206 CTQW-QNN       test=1.000 {'h': 6, 't': 1.5, 'ridge': 0.001} (1.3s)
n=10 draw=206 LAT kernel     test=0.990 {'C': 0.1, 'k': 8} (1.0s)
n=10 draw=206 No walk (t=0)  test=0.990 {'h': 4, 't': 0.0, 'ridge': 0.001} (0.1s)
n=10 draw=207 CTQW-QNN       test=1.000 {'h': 7, 't': 0.5, 'ridge': 0.001} (1.1s)
n=10 draw=207 LAT kernel     test=1.000 {'C': 0.1, 'k': 7} (0.9s)
n=10 draw=207 No walk (t=0)  test=0.990 {'h': 3, 't': 0.0, 'ridge': 0.001} (0.1s)
n=10 draw=208 CTQW-QNN       test=1.000 {'h': 6, 't': 2, 'ridge': 0.001} (1.1s)
n=10 draw=208 LAT kernel     test=0.970 {'C': 1, 'k': 9} (1.0s)
n=10 draw=208 No walk (t=0)  test=0.900 {'h': 5, 't': 0.0, 'ridge': 0.001} (0.1s)
n=10 draw=209 CTQW-QNN       test=1.000 {'h': 6, 't': 0.25, 'ridge': 0.001} (1.2s)
n=10 draw=209 LAT kernel     test=1.000 {'C': 1, 'k': 6} (1.1s)
n=10 draw=209 No walk (t=0)  test=0.990 {'h': 5, 't': 0.0, 'ridge': 0.001} (0.1s)
n=12 draw=200 CTQW-QNN       test=0.980 {'h': 6, 't': 0.25, 'ridge': 0.001} (1.7s)
n=12 draw=200 LAT kernel     test=1.000 {'C': 1, 'k': 7} (1.2s)
n=12 draw=200 No walk (t=0)  test=0.980 {'h': 5, 't': 0.0, 'ridge': 1.0} (0.2s)
n=12 draw=201 CTQW-QNN       test=0.990 {'h': 5, 't': 1.5, 'ridge': 0.001} (1.7s)
n=12 draw=201 LAT kernel     test=1.000 {'C': 1, 'k': 7} (1.2s)
n=12 draw=201 No walk (t=0)  test=0.990 {'h': 5, 't': 0.0, 'ridge': 0.001} (0.2s)
n=12 draw=202 CTQW-QNN       test=0.980 {'h': 8, 't': 1.5, 'ridge': 0.001} (1.6s)
n=12 draw=202 LAT kernel     test=1.000 {'C': 10, 'k': 7} (1.1s)
n=12 draw=202 No walk (t=0)  test=0.970 {'h': 5, 't': 0.0, 'ridge': 0.001} (0.2s)
n=12 draw=203 CTQW-QNN       test=1.000 {'h': 5, 't': 0.1, 'ridge': 0.001} (1.5s)
n=12 draw=203 LAT kernel     test=0.990 {'C': 1, 'k': 7} (1.1s)
n=12 draw=203 No walk (t=0)  test=1.000 {'h': 5, 't': 0.0, 'ridge': 0.001} (0.2s)
n=12 draw=204 CTQW-QNN       test=1.000 {'h': 6, 't': 2, 'ridge': 0.001} (1.6s)
n=12 draw=204 LAT kernel     test=1.000 {'C': 1, 'k': 7} (1.1s)
n=12 draw=204 No walk (t=0)  test=1.000 {'h': 3, 't': 0.0, 'ridge': 0.001} (0.2s)
n=12 draw=205 CTQW-QNN       test=0.990 {'h': 10, 't': 6, 'ridge': 1.0} (1.6s)
n=12 draw=205 LAT kernel     test=1.000 {'C': 0.1, 'k': 9} (1.2s)
n=12 draw=205 No walk (t=0)  test=0.980 {'h': 4, 't': 0.0, 'ridge': 0.001} (0.2s)
n=12 draw=206 CTQW-QNN       test=0.990 {'h': 5, 't': 0.25, 'ridge': 0.001} (1.7s)
n=12 draw=206 LAT kernel     test=0.990 {'C': 0.1, 'k': 9} (1.1s)
n=12 draw=206 No walk (t=0)  test=0.990 {'h': 5, 't': 0.0, 'ridge': 0.001} (0.2s)
n=12 draw=207 CTQW-QNN       test=0.980 {'h': 5, 't': 0.1, 'ridge': 0.001} (1.6s)
n=12 draw=207 LAT kernel     test=0.970 {'C': 0.1, 'k': 9} (1.2s)
n=12 draw=207 No walk (t=0)  test=0.980 {'h': 5, 't': 0.0, 'ridge': 0.001} (0.2s)
n=12 draw=208 CTQW-QNN       test=0.990 {'h': 7, 't': 1.5, 'ridge': 0.001} (1.5s)
n=12 draw=208 LAT kernel     test=0.990 {'C': 1, 'k': 7} (1.1s)
n=12 draw=208 No walk (t=0)  test=0.960 {'h': 5, 't': 0.0, 'ridge': 1.0} (0.2s)
n=12 draw=209 CTQW-QNN       test=0.950 {'h': 8, 't': 1, 'ridge': 0.001} (1.6s)
n=12 draw=209 LAT kernel     test=0.980 {'C': 1, 'k': 7} (1.1s)
n=12 draw=209 No walk (t=0)  test=0.950 {'h': 5, 't': 0.0, 'ridge': 0.001} (0.2s)
n=16 draw=200 CTQW-QNN       test=1.000 {'h': 5, 't': 0.1, 'ridge': 0.001} (7.2s)
n=16 draw=200 LAT kernel     test=1.000 {'C': 1, 'k': 11} (1.6s)
n=16 draw=200 No walk (t=0)  test=0.980 {'h': 4, 't': 0.0, 'ridge': 0.001} (0.7s)
n=16 draw=201 CTQW-QNN       test=0.970 {'h': 6, 't': 2, 'ridge': 0.001} (6.8s)
n=16 draw=201 LAT kernel     test=0.980 {'C': 1, 'k': 13} (1.6s)
n=16 draw=201 No walk (t=0)  test=1.000 {'h': 3, 't': 0.0, 'ridge': 0.001} (0.7s)
n=16 draw=202 CTQW-QNN       test=1.000 {'h': 6, 't': 0.25, 'ridge': 0.001} (7.0s)
n=16 draw=202 LAT kernel     test=1.000 {'C': 1, 'k': 11} (1.6s)
n=16 draw=202 No walk (t=0)  test=0.970 {'h': 3, 't': 0.0, 'ridge': 0.001} (0.8s)
n=16 draw=203 CTQW-QNN       test=0.990 {'h': 5, 't': 0.25, 'ridge': 0.001} (6.8s)
n=16 draw=203 LAT kernel     test=0.980 {'C': 1, 'k': 12} (1.5s)
n=16 draw=203 No walk (t=0)  test=0.950 {'h': 4, 't': 0.0, 'ridge': 0.001} (0.7s)
n=16 draw=204 CTQW-QNN       test=0.990 {'h': 7, 't': 0.5, 'ridge': 0.001} (6.9s)
n=16 draw=204 LAT kernel     test=1.000 {'C': 10, 'k': 11} (1.5s)
n=16 draw=204 No walk (t=0)  test=0.940 {'h': 3, 't': 0.0, 'ridge': 0.001} (0.7s)
n=16 draw=205 CTQW-QNN       test=1.000 {'h': 8, 't': 6, 'ridge': 0.001} (6.5s)
n=16 draw=205 LAT kernel     test=0.980 {'C': 1, 'k': 13} (1.6s)
n=16 draw=205 No walk (t=0)  test=0.980 {'h': 4, 't': 0.0, 'ridge': 0.001} (0.7s)
n=16 draw=206 CTQW-QNN       test=1.000 {'h': 6, 't': 0.5, 'ridge': 0.001} (6.8s)
n=16 draw=206 LAT kernel     test=1.000 {'C': 1, 'k': 12} (1.7s)
n=16 draw=206 No walk (t=0)  test=0.960 {'h': 3, 't': 0.0, 'ridge': 0.001} (0.7s)
n=16 draw=207 CTQW-QNN       test=0.990 {'h': 6, 't': 0.25, 'ridge': 0.001} (6.8s)
n=16 draw=207 LAT kernel     test=1.000 {'C': 1, 'k': 11} (1.6s)
n=16 draw=207 No walk (t=0)  test=0.990 {'h': 3, 't': 0.0, 'ridge': 0.001} (0.7s)
n=16 draw=208 CTQW-QNN       test=1.000 {'h': 3, 't': 0.1, 'ridge': 0.001} (6.6s)
n=16 draw=208 LAT kernel     test=1.000 {'C': 1, 'k': 11} (1.6s)
n=16 draw=208 No walk (t=0)  test=1.000 {'h': 3, 't': 0.0, 'ridge': 0.001} (0.8s)
n=16 draw=209 CTQW-QNN       test=0.990 {'h': 5, 't': 0.25, 'ridge': 0.001} (6.8s)
n=16 draw=209 LAT kernel     test=1.000 {'C': 1, 'k': 14} (1.8s)
n=16 draw=209 No walk (t=0)  test=0.960 {'h': 5, 't': 0.0, 'ridge': 0.001} (0.8s)
{
 "primary_CTQW_vs_LAT_pooled": {
  "a_only": 20,
  "b_only": 27,
  "p": 0.38169339766321275,
  "acc_a": 0.987,
  "acc_b": 0.98875
 },
 "secondary_CTQW_vs_nowalk_pooled": {
  "a_only": 79,
  "b_only": 19,
  "p": 7.127385901074282e-10,
  "acc_a": 0.987,
  "acc_b": 0.972
 },
 "per_size": {
  "8": {
   "vs_LAT": {
    "a_only": 6,
    "b_only": 7,
    "p": 1.0,
    "acc_a": 0.981,
    "acc_b": 0.982
   },
   "vs_nowalk": {
    "a_only": 23,
    "b_only": 8,
    "p": 0.010673840530216694,
    "acc_a": 0.981,
    "acc_b": 0.966
   }
  },
  "10": {
   "vs_LAT": {
    "a_only": 9,
    "b_only": 7,
    "p": 0.803619384765625,
    "acc_a": 0.989,
    "acc_b": 0.987
   },
   "vs_nowalk": {
    "a_only": 24,
    "b_only": 4,
    "p": 0.00017999112606048584,
    "acc_a": 0.989,
    "acc_b": 0.969
   }
  },
  "12": {
   "vs_LAT": {
    "a_only": 2,
    "b_only": 9,
    "p": 0.0654296875,
    "acc_a": 0.985,
    "acc_b": 0.992
   },
   "vs_nowalk": {
    "a_only": 7,
    "b_only": 2,
    "p": 0.1796875,
    "acc_a": 0.985,
    "acc_b": 0.98
   }
  },
  "16": {
   "vs_LAT": {
    "a_only": 3,
    "b_only": 4,
    "p": 1.0,
    "acc_a": 0.993,
    "acc_b": 0.994
   },
   "vs_nowalk": {
    "a_only": 25,
    "b_only": 5,
    "p": 0.0003249142318964005,
    "acc_a": 0.993,
    "acc_b": 0.973
   }
  }
 },
 "mean_acc": {
  "CTQW-QNN": {
   "8": 0.9810000000000001,
   "10": 0.9890000000000001,
   "12": 0.985,
   "16": 0.993
  },
  "LAT kernel": {
   "8": 0.982,
   "10": 0.9870000000000001,
   "12": 0.992,
   "16": 0.994
  },
  "No walk (t=0)": {
   "8": 0.966,
   "10": 0.969,
   "12": 0.9800000000000001,
   "16": 0.9730000000000001
  }
 },
 "sd_acc": {
  "CTQW-QNN": {
   "8": 0.01791957340762083,
   "10": 0.01595131481867388,
   "12": 0.01433720877840439,
   "16": 0.009486832980505146
  },
  "LAT kernel": {
   "8": 0.013165611772087677,
   "10": 0.01159501808728407,
   "12": 0.010327955589886454,
   "16": 0.009660917830792967
  },
  "No walk (t=0)": {
   "8": 0.03272783388968953,
   "10": 0.03247221034122013,
   "12": 0.016329931618554536,
   "16": 0.020575065816014638
  }
 },
 "decision": "Tied: no significant difference"
}
